// Jest Snapshot v1, https://goo.gl/fbAQLP

exports[`<Episodes /> snapshot matches snapshot 1`] = `
<DocumentFragment>
  <div
    class="episodes"
  />
</DocumentFragment>
`;
