// Jest Snapshot v1, https://goo.gl/fbAQLP

exports[`<App /> <App /> snapshot 1`] = `
<DocumentFragment>
  <h2>
    Fetching data...
  </h2>
</DocumentFragment>
`;

exports[`<App /> snapshot 1`] = `
<DocumentFragment>
  <h2>
    Fetching data...
  </h2>
</DocumentFragment>
`;
